162.158.90.12 - domain.de [11/Jan/2019:13:36:00 +0000] "POST /ajax.php?action=changeProductInfoFilter HTTP/1.1" 200 477 "https://domain.de/opel/motorsteuerger%C3%A4t/me7.6/opel-55557935-bosch-0261201212-117897.html" "Mozilla/5.0 (Windows NT 6.1; WOW64; Trident/7.0; rv:11.0) like Gecko"

162.158.111.37 - domain.co.uk [11/Jan/2019:13:36:01 +0000] "GET /peugeot/calculateur-moteur/edc16c39-4114 HTTP/1.1" 200 197379 "https://domain.co.uk/peugeot/calculateur-moteur-52" "Mozilla/5.0 (Windows NT 10.0; WOW64; rv:52.0) Gecko/20100101 Firefox/52.0"
162.158.111.37 - domain.co.uk [11/Jan/2019:13:36:01 +0000] "GET /peugeot/calculateur-moteur/edc16c39-4114 HTTP/1.1" 200 197379 "https://domain.co.uk/peugeot/calculateur-moteur-52" "Mozilla/5.0 (Windows NT 10.0; WOW64; rv:52.0) Gecko/20100101 Firefox/52.0"

162.158.111.37 - domain.co.uk [11/Jan/2019:13:36:01 +0000] "GET /peugeot/calculateur-moteur/edc16c39-4114 HTTP/1.1" 200 197379 "https://domain.co.uk/peugeot/calculateur-moteur-52" "Mozilla/5.0 (Windows NT 10.0; WOW64; rv:52.0) Gecko/20100101 Firefox/52.0"

162.158.90.108 - domain.de [11/Jan/2019:13:36:02 +0000] "POST /product_request.php?id=112942 HTTP/1.1" 200 495 "https://domain.de/product_request.php?id=112942" "Mozilla/5.0 (Windows NT 6.1; WOW64; Trident/7.0; rv:11.0) like Gecko"

108.162.245.184 - domain.eu [11/Jan/2019:13:36:03 +0000] "GET /audi/abs---asr---esp-control-unit/abs-2b-/audi-4a0907379a-bosch-0265100056-111450.html HTTP/1.1" 200 184059 "-" "Mozilla/5.0 (compatible; bingbot/2.0; +http://www.bing.com/bingbot.htm)"

162.158.90.108 - domain.de [11/Jan/2019:13:36:03 +0000] "POST /product_request.php?id=112942 HTTP/1.1" 200 495 "https://domain.de/product_request.php?id=112942" "Mozilla/5.0 (Windows NT 6.1; WOW64; Trident/7.0; rv:11.0) like Gecko"

162.158.90.12 - domain.de [11/Jan/2019:13:36:04 +0000] "POST /ajax.php?action=changeProductInfoFilter HTTP/1.1" 200 476 "https://domain.de/opel/motorsteuerger%C3%A4t/me7.6/opel-55557935-bosch-0261201212-117897.html" "Mozilla/5.0 (Windows NT 6.1; WOW64; Trident/7.0; rv:11.0) like Gecko"

162.158.90.108 - domain.de [11/Jan/2019:13:36:04 +0000] "POST /product_request.php?id=112942 HTTP/1.1" 200 495 "https://domain.de/product_request.php?id=112942" "Mozilla/5.0 (Windows NT 6.1; WOW64; Trident/7.0; rv:11.0) like Gecko"

162.158.90.108 - domain.de [11/Jan/2019:13:36:04 +0000] "POST /product_request.php?id=112942 HTTP/1.1" 200 495 "https://domain.de/product_request.php?id=112942" "Mozilla/5.0 (Windows NT 6.1; WOW64; Trident/7.0; rv:11.0) like Gecko"

162.158.91.29 - domain.de [11/Jan/2019:13:36:04 +0000] "GET /form/121836 HTTP/1.1" 200 30867 "https://domain.de/form/121836" "Mozilla/5.0 (Windows NT 6.3; WOW64; Trident/7.0; rv:11.0) like Gecko"

162.158.111.37 - domain.fr [11/Jan/2019:13:36:05 +0000] "GET /peugeot/calculateur-moteur/edc16c34-4106 HTTP/1.1" 200 215537 "https://domain.fr/peugeot/calculateur-moteur/edc16c39-4114" "Mozilla/5.0 (Windows NT 10.0; WOW64; rv:52.0) Gecko/20100101 Firefox/52.0"

162.158.88.212 - domain.de [11/Jan/2019:13:36:05 +0000] "GET /assets/js/domain.js HTTP/1.1" 304 269 "https://domain.de/form/121836" "Mozilla/5.0 (Windows NT 6.3; WOW64; Trident/7.0; rv:11.0) like Gecko"

162.158.90.108 - domain.de [11/Jan/2019:13:36:07 +0000] "POST /product_request.php?id=112942 HTTP/1.1" 200 495 "https://domain.de/product_request.php?id=112942" "Mozilla/5.0 (Windows NT 6.1; WOW64; Trident/7.0; rv:11.0) like Gecko"

172.68.226.48 - domain.hu [11/Jan/2019:13:36:07 +0000] "GET /mercedes/motorvez%C3%A9rl%C5%91-egys%C3%A9g/edc15c0-(cdi1)/mercedes-a0001530479-bosch-0281010233-cr17-362.html HTTP/1.1" 200 214753 "https://domain.hu/mercedes/motorvez%C3%A9rl%C5%91-egys%C3%A9g/edc15c0-(cdi1)-3261" "Mozilla/5.0 (Linux; Android 7.0; HUAWEI VNS-L21) AppleWebKit/537.36 (KHTML, like Gecko) Chrome/71.0.3578.99 Mobile Safari/537.36"

162.158.111.37 - domain.fr [11/Jan/2019:13:36:09 +0000] "GET /peugeot/calculateur-moteur/edc16c3-4357 HTTP/1.1" 200 195758 "https://domain.fr/peugeot/calculateur-moteur/edc16c34-4106" "Mozilla/5.0 (Windows NT 10.0; WOW64; rv:52.0) Gecko/20100101 Firefox/52.0"

162.158.90.108 - domain.de [11/Jan/2019:13:36:09 +0000] "POST /product_request.php?id=112942 HTTP/1.1" 200 495 "https://domain.de/product_request.php?id=112942" "Mozilla/5.0 (Windows NT 6.1; WOW64; Trident/7.0; rv:11.0) like Gecko"

162.158.90.108 - domain.de [11/Jan/2019:13:36:14 +0000] "POST /product_request.php?id=112942 HTTP/1.1" 200 495 "https://domain.de/product_request.php?id=112942" "Mozilla/5.0 (Windows NT 6.1; WOW64; Trident/7.0; rv:11.0) like Gecko"

162.158.90.108 - domain.de [11/Jan/2019:13:36:17 +0000] "POST /product_request.php?id=112942 HTTP/1.1" 200 495 "https://domain.de/product_request.php?id=112942" "Mozilla/5.0 (Windows NT 6.1; WOW64; Trident/7.0; rv:11.0) like Gecko"

162.158.90.108 - domain.de [11/Jan/2019:13:36:18 +0000] "POST /product_request.php?id=112942 HTTP/1.1" 200 495 "https://domain.de/product_request.php?id=112942" "Mozilla/5.0 (Windows NT 6.1; WOW64; Trident/7.0; rv:11.0) like Gecko"

162.158.90.108 - domain.de [11/Jan/2019:13:36:23 +0000] "GET /citroen/abs---asr---esp-steuerger%C3%A4t/esp-8.0/citroen-9610752280-9677024980-bosch-0265952289-0265252802-121836.html HTTP/1.1" 200 188563 "https://domain.de/citroen/abs---asr---esp-steuerger%C3%A4t/esp-8.0-4417/" "Mozilla/5.0 (Windows NT 6.3; WOW64; Trident/7.0; rv:11.0) like Gecko"

162.158.90.108 - domain.de [11/Jan/2019:13:36:24 +0000] "POST /product_request.php?id=112942 HTTP/1.1" 200 495 "https://domain.de/product_request.php?id=112942" "Mozilla/5.0 (Windows NT 6.1; WOW64; Trident/7.0; rv:11.0) like Gecko"

162.158.90.108 - domain.de [11/Jan/2019:13:36:24 +0000] "POST /product_request.php?id=112942 HTTP/1.1" 200 495 "https://domain.de/product_request.php?id=112942" "Mozilla/5.0 (Windows NT 6.1; WOW64; Trident/7.0; rv:11.0) like Gecko"

162.158.111.37 - domain.fr [11/Jan/2019:13:36:27 +0000] "GET /peugeot/calculateur-moteur/edc16c3/peugeot-9656974680-bosch-0281011558-106848.html HTTP/1.1" 200 185383 "https://domain.fr/peugeot/calculateur-moteur/edc16c3-4357" "Mozilla/5.0 (Windows NT 10.0; WOW64; rv:52.0) Gecko/20100101 Firefox/52.0"

162.158.90.234 - domain.de [11/Jan/2019:13:36:29 +0000] "GET /sie-und-domainde/anmeldung-152.htm HTTP/1.1" 200 3957 "https://domain.de/?gclid=EAIaIQobChMI0IGCqrTl3wIVCcayCh0DGQb1EAAYASAAEgJxPfD_BwE" "Mozilla/5.0 (Windows NT 6.3; WOW64; Trident/7.0; rv:11.0) like Gecko"

162.158.91.59 - domain.de [11/Jan/2019:13:36:34 +0000] "GET /allgemeine-infos-5.htm HTTP/1.1" 302 191994 "https://domain.de/allgemeine-infos-5.htm" "Mozilla/5.0 (Windows NT 6.1; rv:64.0) Gecko/20100101 Firefox/64.0"

162.158.91.59 - domain.de [11/Jan/2019:13:36:34 +0000] "GET /auftrag/reparaturprozess-5.htm HTTP/1.1" 200 191869 "https://domain.de/allgemeine-infos-5.htm" "Mozilla/5.0 (Windows NT 6.1; rv:64.0) Gecko/20100101 Firefox/64.0"

162.158.93.165 - domain.de [11/Jan/2019:13:36:34 +0000] "GET /favicon.ico HTTP/1.1" 404 199 "-" "okhttp/2.5.0"

162.158.90.12 - domain.de [11/Jan/2019:13:36:35 +0000] "GET / HTTP/1.1" 200 195120 "http://domain.de/" "Mozilla/5.0 (Windows NT 10.0; Win64; x64) AppleWebKit/537.36 (KHTML, like Gecko) Chrome/71.0.3578.98 Safari/537.36"

162.158.91.233 - domain.de [11/Jan/2019:13:36:37 +0000] "POST /ajax.php HTTP/1.1" 200 1231 "https://domain.de/" "Mozilla/5.0 (Windows NT 10.0; Win64; x64; rv:64.0) Gecko/20100101 Firefox/64.0"

162.158.91.233 - domain.de [11/Jan/2019:13:36:38 +0000] "POST /ajax.php HTTP/1.1" 200 1129 "https://domain.de/" "Mozilla/5.0 (Windows NT 10.0; Win64; x64; rv:64.0) Gecko/20100101 Firefox/64.0"

162.158.202.136 - domain.de [11/Jan/2019:13:36:41 +0000] "GET /auftrag/reparaturprozess-5.htm HTTP/1.1" 200 191869 "https://domain.de/" "Mozilla/5.0 (Windows NT 6.1; WOW64; Trident/7.0; rv:11.0) like Gecko"

162.158.111.37 - domain.fr [11/Jan/2019:13:36:41 +0000] "GET /peugeot/calculateur-moteur/edc16c3-4357 HTTP/1.1" 200 195663 "https://domain.fr/peugeot/calculateur-moteur/edc16c34-4106" "Mozilla/5.0 (Windows NT 10.0; WOW64; rv:52.0) Gecko/20100101 Firefox/52.0"

162.158.91.59 - domain.de [11/Jan/2019:13:36:43 +0000] "GET /mercedes/abs---asr---esp-steuerger%C3%A4te/esp-mk25/mercedes-a2045453832-a2044313912-a2049012304-ate-10092623153-10021203214-581044-115633.html HTTP/1.1" 200 194628 "https://www.google.com/" "Mozilla/5.0 (Windows NT 6.1; Win64; x64) AppleWebKit/537.36 (KHTML, like Gecko) Chrome/71.0.3578.98 Safari/537.36"

162.158.202.136 - domain.de [11/Jan/2019:13:36:47 +0000] "GET /auftrag-8.htm HTTP/1.1" 200 190376 "https://domain.de/auftrag/reparaturprozess-5.htm" "Mozilla/5.0 (Windows NT 6.1; WOW64; Trident/7.0; rv:11.0) like Gecko"

162.158.91.233 - domain.de [11/Jan/2019:13:36:47 +0000] "GET /ford/getriebesteuerger%C3%A4t/durashift-est-4133 HTTP/1.1" 200 211585 "https://domain.de/" "Mozilla/5.0 (Windows NT 10.0; Win64; x64; rv:64.0) Gecko/20100101 Firefox/64.0"

162.158.90.234 - domain.de [11/Jan/2019:13:36:47 +0000] "POST /ajax.php HTTP/1.1" 200 508 "https://domain.de/sie-und-domainde/anmeldung-152.htm" "Mozilla/5.0 (Windows NT 6.3; WOW64; Trident/7.0; rv:11.0) like Gecko"

108.162.221.175 - domain.de [11/Jan/2019:13:36:47 +0000] "GET /vw-(volkswagen)/tacho-display-kombiinstrument/tiguan-(5n)-kombiinstrument/volkswagen-vw-5n0920870c-vdo-113211.html HTTP/1.1" 301 694 "-" "Mozilla/5.0 (Linux; Android 6.0.1; Nexus 5X Build/MMB29P) AppleWebKit/537.36 (KHTML, like Gecko) Chrome/41.0.2272.96 Mobile Safari/537.36 (compatible; Googlebot/2.1; +http://www.google.com/bot.html)"

162.158.111.37 - domain.fr [11/Jan/2019:13:36:47 +0000] "GET /peugeot/calculateur-moteur/edc16c3/peugeot-9653202680-bosch-0281011090-106847.html HTTP/1.1" 200 185288 "https://domain.fr/peugeot/calculateur-moteur/edc16c3-4357" "Mozilla/5.0 (Windows NT 10.0; WOW64; rv:52.0) Gecko/20100101 Firefox/52.0"

162.158.90.234 - domain.de [11/Jan/2019:13:36:48 +0000] "GET /?gclid=EAIaIQobChMI0IGCqrTl3wIVCcayCh0DGQb1EAAYASAAEgJxPfD_BwE HTTP/1.1" 200 195137 "https://domain.de/sie-und-domainde/anmeldung-152.htm" "Mozilla/5.0 (Windows NT 6.3; WOW64; Trident/7.0; rv:11.0) like Gecko"

162.158.90.12 - domain.de [11/Jan/2019:13:36:48 +0000] "GET /auftrag-8.htm HTTP/1.1" 200 190376 "https://domain.de/" "Mozilla/5.0 (Windows NT 10.0; Win64; x64) AppleWebKit/537.36 (KHTML, like Gecko) Chrome/71.0.3578.98 Safari/537.36"

108.162.221.79 - domain.de [11/Jan/2019:13:36:52 +0000] "GET /vw-(volkswagen)/tacho---display---kombiinstrument/tiguan-(5n)-kombiinstrument/volkswagen-vw-5n0920870c-vdo-113211.html HTTP/1.1" 200 189320 "-" "Mozilla/5.0 (Linux; Android 6.0.1; Nexus 5X Build/MMB29P) AppleWebKit/537.36 (KHTML, like Gecko) Chrome/41.0.2272.96 Mobile Safari/537.36 (compatible; Googlebot/2.1; +http://www.google.com/bot.html)"

162.158.91.233 - domain.de [11/Jan/2019:13:36:52 +0000] "GET /ford/getriebesteuerger%C3%A4t/durashift-est/ford-26sr7m168gf-luk-ag9d307700b-109338.html HTTP/1.1" 200 189905 "https://domain.de/ford/getriebesteuerger%C3%A4t/durashift-est-4133" "Mozilla/5.0 (Windows NT 10.0; Win64; x64; rv:64.0) Gecko/20100101 Firefox/64.0"

162.158.111.37 - domain.fr [11/Jan/2019:13:36:55 +0000] "GET /peugeot/calculateur-moteur/edc16c3-4357 HTTP/1.1" 200 195771 "https://domain.fr/peugeot/calculateur-moteur/edc16c34-4106" "Mozilla/5.0 (Windows NT 10.0; WOW64; rv:52.0) Gecko/20100101 Firefox/52.0"

162.158.91.233 - domain.de [11/Jan/2019:13:36:59 +0000] "POST /ajax.php HTTP/1.1" 200 611 "https://domain.de/ford/getriebesteuerger%C3%A4t/durashift-est/ford-26sr7m168gf-luk-ag9d307700b-109338.html" "Mozilla/5.0 (Windows NT 10.0; Win64; x64; rv:64.0) Gecko/20100101 Firefox/64.0"

162.158.91.233 - domain.de [11/Jan/2019:13:36:59 +0000] "POST /ajax.php HTTP/1.1" 200 611 "https://domain.de/ford/getriebesteuerger%C3%A4t/durashift-est/ford-26sr7m168gf-luk-ag9d307700b-109338.html" "Mozilla/5.0 (Windows NT 10.0; Win64; x64; rv:64.0) Gecko/20100101 Firefox/64.0"

172.68.226.48 - domain.hu [11/Jan/2019:13:36:59 +0000] "GET /mercedes/motorvez%C3%A9rl%C5%91-egys%C3%A9g/edc15c0-(cdi1)-3261 HTTP/1.1" 200 216370 "https://domain.hu/mercedes/motorvez%C3%A9rl%C5%91-egys%C3%A9g-40" "Mozilla/5.0 (Linux; Android 7.0; HUAWEI VNS-L21) AppleWebKit/537.36 (KHTML, like Gecko)
